{"level":"info","msg":"成功启动 success","time":"2020-11-12T09:10:59+08:00"}
